// Jest Snapshot v1, https://goo.gl/fbAQLP

exports[`Details Page Snapshot  renders Correctly 1`] = `ReactWrapper {}`;
